// Jest Snapshot v1, https://goo.gl/fbAQLP

exports[`renders well: settings 1`] = `
<div>
  <h4>
    Настройки:
  </h4>
  <ul
    id="settings"
  >
    <li />
  </ul>
</div>
`;
